<?php return array (
  0 => 'Symfony\\Bundle\\FrameworkBundle\\Controller\\AbstractController',
  1 => 'App\\Controller\\AuthenticatorController',
  2 => 'App\\Controller\\BlogController',
  3 => 'App\\Controller\\CandidatController',
  4 => 'App\\Controller\\CrudCandidatController',
  5 => 'App\\Controller\\CrudRecruteurController',
  6 => 'App\\Controller\\DiscoverController',
  7 => 'App\\Controller\\HomeController',
  8 => 'App\\Controller\\JobController',
  9 => 'App\\Controller\\JobCrudController',
  10 => 'App\\Controller\\RecruteurController',
  11 => 'App\\Controller\\RegistrationController',
  12 => 'App\\Controller\\RegistrationRecruterController',
  13 => 'App\\Controller\\ResetPasswordController',
  14 => 'App\\Entity\\Candidat',
  15 => 'App\\Entity\\CandidatEvaluation',
  16 => 'App\\Entity\\Company',
  17 => 'App\\Entity\\Document',
  18 => 'App\\Entity\\Favoris',
  19 => 'App\\Entity\\Job',
  20 => 'App\\Entity\\JobCategory',
  21 => 'App\\Entity\\JobPosition',
  22 => 'App\\Entity\\JobPostuler',
  23 => 'App\\Entity\\Recruteur',
  24 => 'App\\Entity\\ResetPasswordRequest',
  25 => 'Doctrine\\Bundle\\DoctrineBundle\\Controller\\ProfilerController',
  26 => 'Doctrine\\ORM\\Cache\\Persister\\Entity\\AbstractEntityPersister',
  27 => 'Doctrine\\ORM\\Cache\\Persister\\Entity\\CachedEntityPersister',
  28 => 'Doctrine\\ORM\\Cache\\Persister\\Entity\\NonStrictReadWriteCachedEntityPersister',
  29 => 'Doctrine\\ORM\\Cache\\Persister\\Entity\\ReadOnlyCachedEntityPersister',
  30 => 'Doctrine\\ORM\\Cache\\Persister\\Entity\\ReadWriteCachedEntityPersister',
  31 => 'Doctrine\\ORM\\Persisters\\Entity\\AbstractEntityInheritancePersister',
  32 => 'Doctrine\\ORM\\Persisters\\Entity\\BasicEntityPersister',
  33 => 'Doctrine\\ORM\\Persisters\\Entity\\CachedPersisterContext',
  34 => 'Doctrine\\ORM\\Persisters\\Entity\\EntityPersister',
  35 => 'Doctrine\\ORM\\Persisters\\Entity\\JoinedSubclassPersister',
  36 => 'Doctrine\\ORM\\Persisters\\Entity\\SingleTablePersister',
  37 => 'EasyCorp\\Bundle\\EasyAdminBundle\\Contracts\\Controller\\CrudControllerInterface',
  38 => 'EasyCorp\\Bundle\\EasyAdminBundle\\Contracts\\Controller\\DashboardControllerInterface',
  39 => 'EasyCorp\\Bundle\\EasyAdminBundle\\Controller\\AbstractCrudController',
  40 => 'EasyCorp\\Bundle\\EasyAdminBundle\\Controller\\AbstractDashboardController',
  41 => 'EasyCorp\\Bundle\\EasyAdminBundle\\Controller\\EasyAdminController',
  42 => 'SymfonyCasts\\Bundle\\ResetPassword\\Controller\\ResetPasswordControllerTrait',
  44 => 'Symfony\\Bundle\\FrameworkBundle\\Controller\\ControllerResolver',
  45 => 'Symfony\\Bundle\\FrameworkBundle\\Controller\\RedirectController',
  46 => 'Symfony\\Bundle\\FrameworkBundle\\Controller\\TemplateController',
  47 => 'Symfony\\Bundle\\WebProfilerBundle\\Controller\\ExceptionPanelController',
  48 => 'Symfony\\Bundle\\WebProfilerBundle\\Controller\\ProfilerController',
  49 => 'Symfony\\Bundle\\WebProfilerBundle\\Controller\\RouterController',
  50 => 'Symfony\\Component\\HttpKernel\\Controller\\ArgumentResolver',
  51 => 'Symfony\\Component\\HttpKernel\\Controller\\ArgumentResolverInterface',
  52 => 'Symfony\\Component\\HttpKernel\\Controller\\ArgumentResolver\\DefaultValueResolver',
  53 => 'Symfony\\Component\\HttpKernel\\Controller\\ArgumentResolver\\NotTaggedControllerValueResolver',
  54 => 'Symfony\\Component\\HttpKernel\\Controller\\ArgumentResolver\\RequestAttributeValueResolver',
  55 => 'Symfony\\Component\\HttpKernel\\Controller\\ArgumentResolver\\RequestValueResolver',
  56 => 'Symfony\\Component\\HttpKernel\\Controller\\ArgumentResolver\\ServiceValueResolver',
  57 => 'Symfony\\Component\\HttpKernel\\Controller\\ArgumentResolver\\SessionValueResolver',
  58 => 'Symfony\\Component\\HttpKernel\\Controller\\ArgumentResolver\\TraceableValueResolver',
  59 => 'Symfony\\Component\\HttpKernel\\Controller\\ArgumentResolver\\VariadicValueResolver',
  60 => 'Symfony\\Component\\HttpKernel\\Controller\\ArgumentValueResolverInterface',
  61 => 'Symfony\\Component\\HttpKernel\\Controller\\ContainerControllerResolver',
  62 => 'Symfony\\Component\\HttpKernel\\Controller\\ControllerReference',
  63 => 'Symfony\\Component\\HttpKernel\\Controller\\ControllerResolver',
  64 => 'Symfony\\Component\\HttpKernel\\Controller\\ControllerResolverInterface',
  65 => 'Symfony\\Component\\HttpKernel\\Controller\\ErrorController',
  66 => 'Symfony\\Component\\HttpKernel\\Controller\\TraceableArgumentResolver',
  67 => 'Symfony\\Component\\HttpKernel\\Controller\\TraceableControllerResolver',
  68 => 'Symfony\\Component\\Security\\Http\\Controller\\UserValueResolver',
  69 => 'Vich\\UploaderBundle\\Entity\\File',
);